

================================================================
== Synthesis Summary Report of 'myproject'
================================================================
+ General Information: 
    * Date:           Sat Oct  4 21:50:15 2025
    * Version:        2023.2 (Build 4023990 on Oct 11 2023)
    * Project:        myproject_prj
    * Solution:       solution1 (Vivado IP Flow Target)
    * Product family: kintexuplus
    * Target device:  xcku5p-ffvb676-2-e
    

+ Performance & Resource Estimates: 
    
    PS: '+' for module; 'o' for loop; '*' for dataflow
    +-----------------------------------------------------------------------------+------+------+---------+-----------+----------+---------+------+----------+---------+----+------------+------------+-----+
    |                                   Modules                                   | Issue|      | Latency |  Latency  | Iteration|         | Trip |          |         |    |            |            |     |
    |                                   & Loops                                   | Type | Slack| (cycles)|    (ns)   |  Latency | Interval| Count| Pipelined|  BRAM   | DSP|     FF     |     LUT    | URAM|
    +-----------------------------------------------------------------------------+------+------+---------+-----------+----------+---------+------+----------+---------+----+------------+------------+-----+
    |+ myproject*                                                                 |     -|  0.45|     4449|  2.224e+04|         -|     4447|     -|  dataflow|  55 (5%)|   -|   5055 (1%)|   4319 (1%)|    -|
    | + conv_2d_cl_array_ap_fixed_1u_array_ap_fixed_16_6_5_3_0_20u_config2_s      |     -|  1.12|     2049|  1.024e+04|         -|     2049|     -|        no|        -|   -|   146 (~0%)|   668 (~0%)|    -|
    |  o ReadInputHeight_ReadInputWidth                                           |     -|  4.37|     2048|  1.024e+04|         2|        -|  1024|        no|        -|   -|           -|           -|    -|
    |   + compute_output_buffer_2d_array_array_ap_fixed_16_6_5_3_0_20u_config2_s  |     -|  1.12|        0|      0.000|         -|        0|     -|        no|        -|   -|   130 (~0%)|   553 (~0%)|    -|
    |    + shift_line_buffer_array_ap_fixed_16_6_5_3_0_1u_config2_s               |    II|  2.22|        0|      0.000|         -|        1|     -|       yes|        -|   -|     1 (~0%)|           -|    -|
    | + relu_array_ap_fixed_20u_array_ap_fixed_16_6_5_3_0_20u_relu_config3_s      |     -|  1.46|      250|  1.250e+03|         -|      250|     -|        no|        -|   -|   314 (~0%)|   859 (~0%)|    -|
    |  o ReLUActLoop                                                              |     -|  4.37|      248|  1.240e+03|         3|        1|   247|       yes|        -|   -|           -|           -|    -|
    | + conv_2d_cl_array_ap_fixed_20u_array_ap_fixed_16_6_5_3_0_10u_config4_s     |     -|  1.91|     4446|  2.223e+04|         -|     4446|     -|        no|        -|   -|  3618 (~0%)|  1600 (~0%)|    -|
    |  o ReadInputWidth                                                           |     -|  4.37|     4445|  2.222e+04|        18|        -|   247|        no|        -|   -|           -|           -|    -|
    |   + conv_2d_cl_array_array_ap_fixed_10u_config4_Pipeline_KernelShiftWidth   |     -|  2.72|       11|     55.000|         -|       11|     -|        no|        -|   -|  2566 (~0%)|  1031 (~0%)|    -|
    |    o KernelShiftWidth                                                       |     -|  4.37|        9|     45.000|         1|        1|     9|       yes|        -|   -|           -|           -|    -|
    |   o ReuseLoop                                                               |     -|  4.37|        3|     15.000|         1|        1|     4|       yes|        -|   -|           -|           -|    -|
    | + relu_array_ap_fixed_10u_array_ap_fixed_16_6_5_3_0_10u_relu_config5_s      |     -|  1.44|      241|  1.205e+03|         -|      241|     -|        no|        -|   -|   164 (~0%)|   479 (~0%)|    -|
    |  o ReLUActLoop                                                              |     -|  4.37|      239|  1.195e+03|         3|        1|   238|       yes|        -|   -|           -|           -|    -|
    | + dense_array_ap_fixed_10u_array_ap_fixed_16_6_5_3_0_1u_config7_s           |     -|  2.53|      247|  1.235e+03|         -|      247|     -|        no|        -|   -|    21 (~0%)|   175 (~0%)|    -|
    |  + dense_array_array_ap_fixed_16_6_5_3_0_1u_config7_Pipeline_DataPrepare    |     -|  2.69|      240|  1.200e+03|         -|      240|     -|        no|        -|   -|    11 (~0%)|    79 (~0%)|    -|
    |   o DataPrepare                                                             |     -|  4.37|      238|  1.190e+03|         2|        1|   238|       yes|        -|   -|           -|           -|    -|
    |  o ReuseLoop                                                                |     -|  4.37|        3|     15.000|         1|        1|     4|       yes|        -|   -|           -|           -|    -|
    | + sigmoid_array_array_ap_fixed_16_6_5_3_0_1u_sigmoid_config8_s              |     -|  0.45|        3|     15.000|         -|        3|     -|        no|  1 (~0%)|   -|    19 (~0%)|   199 (~0%)|    -|
    +-----------------------------------------------------------------------------+------+------+---------+-----------+----------+---------+------+----------+---------+----+------------+------------+-----+


================================================================
== HW Interfaces
================================================================
* S_AXILITE Interfaces
+------------+------------+---------------+
| Interface  | Data Width | Address Width |
+------------+------------+---------------+
| s_axi_CTRL | 32         | 4             |
+------------+------------+---------------+

* S_AXILITE Registers
+------------+----------+--------+-------+--------+----------------------------------+----------------------------------------------------------------------+
| Interface  | Register | Offset | Width | Access | Description                      | Bit Fields                                                           |
+------------+----------+--------+-------+--------+----------------------------------+----------------------------------------------------------------------+
| s_axi_CTRL | CTRL     | 0x00   | 32    | RW     | Control signals                  | 0=AP_START 1=AP_DONE 2=AP_IDLE 3=AP_READY 7=AUTO_RESTART 9=INTERRUPT |
| s_axi_CTRL | GIER     | 0x04   | 32    | RW     | Global Interrupt Enable Register | 0=Enable                                                             |
| s_axi_CTRL | IP_IER   | 0x08   | 32    | RW     | IP Interrupt Enable Register     | 0=CHAN0_INT_EN 1=CHAN1_INT_EN                                        |
| s_axi_CTRL | IP_ISR   | 0x0c   | 32    | RW     | IP Interrupt Status Register     | 0=CHAN0_INT_ST 1=CHAN1_INT_ST                                        |
+------------+----------+--------+-------+--------+----------------------------------+----------------------------------------------------------------------+

* AXIS
+------------+-----------+---------------+-------+--------+--------+
| Interface  | Direction | Register Mode | TDATA | TREADY | TVALID |
+------------+-----------+---------------+-------+--------+--------+
| input_1    | in        | both          | 16    | 1      | 1      |
| layer8_out | out       | both          | 16    | 1      | 1      |
+------------+-----------+---------------+-------+--------+--------+

* TOP LEVEL CONTROL
+-----------+------------+-----------+
| Interface | Type       | Ports     |
+-----------+------------+-----------+
| ap_clk    | clock      | ap_clk    |
| ap_rst_n  | reset      | ap_rst_n  |
| interrupt | interrupt  | interrupt |
| ap_ctrl   | ap_ctrl_hs |           |
+-----------+------------+-----------+


================================================================
== SW I/O Information
================================================================
* Top Function Arguments
+------------+-----------+-----------------------------------------------------------------+
| Argument   | Direction | Datatype                                                        |
+------------+-----------+-----------------------------------------------------------------+
| input_1    | in        | stream<nnet::array<ap_fixed<16, 6, AP_TRN, AP_WRAP, 0>, 1>, 0>& |
| layer8_out | out       | stream<nnet::array<ap_fixed<16, 6, AP_TRN, AP_WRAP, 0>, 1>, 0>& |
+------------+-----------+-----------------------------------------------------------------+

* SW-to-HW Mapping
+------------+--------------+-----------+
| Argument   | HW Interface | HW Type   |
+------------+--------------+-----------+
| input_1    | input_1      | interface |
| layer8_out | layer8_out   | interface |
+------------+--------------+-----------+


================================================================
== Bind Op Report
================================================================
+----------------------------------------------------------------------------+-----+--------+-----------------+-----+--------+---------+
| Name                                                                       | DSP | Pragma | Variable        | Op  | Impl   | Latency |
+----------------------------------------------------------------------------+-----+--------+-----------------+-----+--------+---------+
| + myproject                                                                | 0   |        |                 |     |        |         |
|  + conv_2d_cl_array_ap_fixed_1u_array_ap_fixed_16_6_5_3_0_20u_config2_s    | 0   |        |                 |     |        |         |
|    add_ln51_fu_98_p2                                                       |     |        | add_ln51        | add | fabric | 0       |
|   + compute_output_buffer_2d_array_array_ap_fixed_16_6_5_3_0_20u_config2_s | 0   |        |                 |     |        |         |
|     add_ln313_fu_138_p2                                                    |     |        | add_ln313       | add | fabric | 0       |
|     add_ln328_fu_156_p2                                                    |     |        | add_ln328       | add | fabric | 0       |
|     add_ln317_fu_188_p2                                                    |     |        | add_ln317       | add | fabric | 0       |
|     add_ln323_fu_212_p2                                                    |     |        | add_ln323       | add | fabric | 0       |
|  + relu_array_ap_fixed_20u_array_ap_fixed_16_6_5_3_0_20u_relu_config3_s    | 0   |        |                 |     |        |         |
|    i_2_fu_191_p2                                                           |     |        | i_2             | add | fabric | 0       |
|  + conv_2d_cl_array_ap_fixed_20u_array_ap_fixed_16_6_5_3_0_10u_config4_s   | 0   |        |                 |     |        |         |
|    i_iw_fu_1189_p2                                                         |     |        | i_iw            | add | fabric | 0       |
|    in_index_fu_1415_p2                                                     |     |        | in_index        | add | fabric | 0       |
|    add_ln384_fu_1427_p2                                                    |     |        | add_ln384       | add | fabric | 0       |
|    add_ln391_fu_1444_p2                                                    |     |        | add_ln391       | add | fabric | 0       |
|   + conv_2d_cl_array_array_ap_fixed_10u_config4_Pipeline_KernelShiftWidth  | 0   |        |                 |     |        |         |
|     indvars_iv_next_fu_540_p2                                              |     |        | indvars_iv_next | add | fabric | 0       |
|  + relu_array_ap_fixed_10u_array_ap_fixed_16_6_5_3_0_10u_relu_config5_s    | 0   |        |                 |     |        |         |
|    i_4_fu_131_p2                                                           |     |        | i_4             | add | fabric | 0       |
|  + dense_array_ap_fixed_10u_array_ap_fixed_16_6_5_3_0_1u_config7_s         | 0   |        |                 |     |        |         |
|    in_index_fu_65_p2                                                       |     |        | in_index        | add | fabric | 0       |
|   + dense_array_array_ap_fixed_16_6_5_3_0_1u_config7_Pipeline_DataPrepare  | 0   |        |                 |     |        |         |
|     add_ln33_fu_56_p2                                                      |     |        | add_ln33        | add | fabric | 0       |
|  + sigmoid_array_array_ap_fixed_16_6_5_3_0_1u_sigmoid_config8_s            | 0   |        |                 |     |        |         |
|    add_ln90_fu_133_p2                                                      |     |        | add_ln90        | add | fabric | 0       |
|    index_fu_153_p2                                                         |     |        | index           | add | fabric | 0       |
+----------------------------------------------------------------------------+-----+--------+-----------------+-----+--------+---------+


================================================================
== Storage Report
================================================================
+-----------------------------------------------------------------+--------------+-----------+------+------+--------+---------------+--------+---------+------------------+
| Name                                                            | Usage        | Type      | BRAM | URAM | Pragma | Variable      | Impl   | Latency | Bitwidth, Depth, |
|                                                                 |              |           |      |      |        |               |        |         | Banks            |
+-----------------------------------------------------------------+--------------+-----------+------+------+--------+---------------+--------+---------+------------------+
| + myproject                                                     |              |           | 55   | 0    |        |               |        |         |                  |
|   CTRL_s_axi_U                                                  | interface    | s_axilite |      |      |        |               |        |         |                  |
|   layer2_out_U                                                  | fifo channel | stream    | 18   |      |        | layer2_out    | memory | 0       | 320, 247, 1      |
|   layer3_out_U                                                  | fifo channel | stream    | 18   |      |        | layer3_out    | memory | 0       | 320, 247, 1      |
|   layer4_out_U                                                  | fifo channel | stream    | 9    |      |        | layer4_out    | memory | 0       | 160, 238, 1      |
|   layer5_out_U                                                  | fifo channel | stream    | 9    |      |        | layer5_out    | memory | 0       | 160, 238, 1      |
|   layer7_out_U                                                  | fifo channel | stream    |      |      |        | layer7_out    | srl    | 0       | 16, 1, 1         |
|  + sigmoid_array_array_ap_fixed_16_6_5_3_0_1u_sigmoid_config8_s |              |           | 1    | 0    |        |               |        |         |                  |
|    sigmoid_table_U                                              | rom_1p       |           | 1    |      |        | sigmoid_table | auto   | 1       | 10, 1024, 1      |
+-----------------------------------------------------------------+--------------+-----------+------+------+--------+---------------+--------+---------+------------------+


================================================================
== Pragma Report
================================================================
* Pragmas with Warnings
+--------------+-----------------------------------+--------------------------------------------+--------------------------------------------------------------------------+
| Type         | Options                           | Location                                   | Messages                                                                 |
+--------------+-----------------------------------+--------------------------------------------+--------------------------------------------------------------------------+
| bind_storage | variable=b2 type=rom_1p impl=bram | firmware/myproject.cpp:29 in myproject, b2 | Unsuported scalar variable on pragma 'Resource/Bind_Storage', ignore it. |
| bind_storage | variable=b4 type=rom_1p impl=bram | firmware/myproject.cpp:31 in myproject, b4 | Unsuported scalar variable on pragma 'Resource/Bind_Storage', ignore it. |
| bind_storage | variable=b7 type=rom_1p impl=bram | firmware/myproject.cpp:33 in myproject, b7 | Unsuported scalar variable on pragma 'Resource/Bind_Storage', ignore it. |
+--------------+-----------------------------------+--------------------------------------------+--------------------------------------------------------------------------+

* Valid Pragma Syntax
+----------------------+-----------------------------------------------------------------------+---------------------------------------------------------------------------------------+
| Type                 | Options                                                               | Location                                                                              |
+----------------------+-----------------------------------------------------------------------+---------------------------------------------------------------------------------------+
| interface            | axis port=input_1,layer8_out                                          | firmware/myproject.cpp:24 in myproject, input_1,layer8_out                            |
| interface            | s_axilite port=return bundle=CTRL                                     | firmware/myproject.cpp:25 in myproject, return                                        |
| bind_storage         | variable=w2 type=rom_1p impl=bram                                     | firmware/myproject.cpp:28 in myproject, w2                                            |
| bind_storage         | variable=w4 type=rom_1p impl=bram                                     | firmware/myproject.cpp:30 in myproject, w4                                            |
| bind_storage         | variable=w7 type=rom_1p impl=bram                                     | firmware/myproject.cpp:32 in myproject, w7                                            |
| dataflow             |                                                                       | firmware/myproject.cpp:35 in myproject                                                |
| stream               | variable=layer2_out depth=247                                         | firmware/myproject.cpp:58 in myproject, layer2_out                                    |
| stream               | variable=layer3_out depth=247                                         | firmware/myproject.cpp:62 in myproject, layer3_out                                    |
| stream               | variable=layer4_out depth=238                                         | firmware/myproject.cpp:66 in myproject, layer4_out                                    |
| stream               | variable=layer5_out depth=238                                         | firmware/myproject.cpp:70 in myproject, layer5_out                                    |
| stream               | variable=layer7_out depth=1                                           | firmware/myproject.cpp:75 in myproject, layer7_out                                    |
| pipeline             |                                                                       | firmware/nnet_utils/nnet_activation.h:29 in linear                                    |
| pipeline             |                                                                       | firmware/nnet_utils/nnet_activation.h:40 in relu                                      |
| pipeline             |                                                                       | firmware/nnet_utils/nnet_activation.h:54 in relu_max                                  |
| pipeline             |                                                                       | firmware/nnet_utils/nnet_activation.h:109 in sigmoid                                  |
| pipeline             |                                                                       | firmware/nnet_utils/nnet_activation.h:171 in softmax_latency                          |
| array_partition      | variable=exp_res complete                                             | firmware/nnet_utils/nnet_activation.h:193 in softmax_latency, exp_res                 |
| unroll               |                                                                       | firmware/nnet_utils/nnet_activation.h:196 in softmax_latency                          |
| unroll               |                                                                       | firmware/nnet_utils/nnet_activation.h:210 in softmax_latency                          |
| pipeline             |                                                                       | firmware/nnet_utils/nnet_activation.h:217 in softmax_stable                           |
| unroll               |                                                                       | firmware/nnet_utils/nnet_activation.h:244 in softmax_stable                           |
| array_partition      | variable=exp_res complete                                             | firmware/nnet_utils/nnet_activation.h:250 in softmax_stable, exp_res                  |
| unroll               |                                                                       | firmware/nnet_utils/nnet_activation.h:253 in softmax_stable                           |
| unroll               |                                                                       | firmware/nnet_utils/nnet_activation.h:267 in softmax_stable                           |
| pipeline             |                                                                       | firmware/nnet_utils/nnet_activation.h:315 in softmax_legacy                           |
| unroll               |                                                                       | firmware/nnet_utils/nnet_activation.h:360 in softmax_argmax                           |
| pipeline             |                                                                       | firmware/nnet_utils/nnet_activation.h:368 in softmax_argmax                           |
| inline               |                                                                       | firmware/nnet_utils/nnet_activation.h:380 in softmax                                  |
| pipeline             |                                                                       | firmware/nnet_utils/nnet_activation.h:427 in tanh                                     |
| pipeline             |                                                                       | firmware/nnet_utils/nnet_activation.h:449 in hard_sigmoid                             |
| pipeline             |                                                                       | firmware/nnet_utils/nnet_activation.h:464 in hard_tanh                                |
| pipeline             |                                                                       | firmware/nnet_utils/nnet_activation.h:482 in leaky_relu                               |
| pipeline             |                                                                       | firmware/nnet_utils/nnet_activation.h:499 in thresholded_relu                         |
| pipeline             |                                                                       | firmware/nnet_utils/nnet_activation.h:544 in softplus                                 |
| pipeline             |                                                                       | firmware/nnet_utils/nnet_activation.h:593 in softsign                                 |
| pipeline             |                                                                       | firmware/nnet_utils/nnet_activation.h:642 in elu                                      |
| pipeline             |                                                                       | firmware/nnet_utils/nnet_activation.h:698 in selu                                     |
| pipeline             |                                                                       | firmware/nnet_utils/nnet_activation.h:721 in prelu                                    |
| pipeline             |                                                                       | firmware/nnet_utils/nnet_activation.h:738 in binary_tanh                              |
| pipeline             |                                                                       | firmware/nnet_utils/nnet_activation.h:758 in ternary_tanh                             |
| pipeline             |                                                                       | firmware/nnet_utils/nnet_activation_stream.h:20 in linear                             |
| unroll               |                                                                       | firmware/nnet_utils/nnet_activation_stream.h:28 in linear                             |
| pipeline             |                                                                       | firmware/nnet_utils/nnet_activation_stream.h:42 in relu                               |
| unroll               |                                                                       | firmware/nnet_utils/nnet_activation_stream.h:50 in relu                               |
| pipeline             |                                                                       | firmware/nnet_utils/nnet_activation_stream.h:81 in sigmoid                            |
| unroll               |                                                                       | firmware/nnet_utils/nnet_activation_stream.h:89 in sigmoid                            |
| array_partition      | variable=exp_res complete                                             | firmware/nnet_utils/nnet_activation_stream.h:133 in softmax_latency, exp_res          |
| pipeline             | II=ii                                                                 | firmware/nnet_utils/nnet_activation_stream.h:137 in softmax_latency                   |
| unroll               |                                                                       | firmware/nnet_utils/nnet_activation_stream.h:142 in softmax_latency                   |
| unroll               |                                                                       | firmware/nnet_utils/nnet_activation_stream.h:161 in softmax_latency                   |
| allocation           | operation instances=mul limit=multiplier_limit                        | firmware/nnet_utils/nnet_activation_stream.h:162 in softmax_latency                   |
| array_partition      | variable=data_array complete                                          | firmware/nnet_utils/nnet_activation_stream.h:194 in softmax_stable, data_array        |
| pipeline             | II=ii                                                                 | firmware/nnet_utils/nnet_activation_stream.h:197 in softmax_stable                    |
| unroll               |                                                                       | firmware/nnet_utils/nnet_activation_stream.h:202 in softmax_stable                    |
| unroll               |                                                                       | firmware/nnet_utils/nnet_activation_stream.h:214 in softmax_stable                    |
| array_partition      | variable=exp_res complete                                             | firmware/nnet_utils/nnet_activation_stream.h:220 in softmax_stable, exp_res           |
| unroll               |                                                                       | firmware/nnet_utils/nnet_activation_stream.h:223 in softmax_stable                    |
| unroll               |                                                                       | firmware/nnet_utils/nnet_activation_stream.h:242 in softmax_stable                    |
| allocation           | operation instances=mul limit=multiplier_limit                        | firmware/nnet_utils/nnet_activation_stream.h:243 in softmax_stable                    |
| pipeline             |                                                                       | firmware/nnet_utils/nnet_activation_stream.h:275 in softmax_legacy                    |
| unroll               |                                                                       | firmware/nnet_utils/nnet_activation_stream.h:279 in softmax_legacy                    |
| unroll               |                                                                       | firmware/nnet_utils/nnet_activation_stream.h:286 in softmax_legacy                    |
| unroll               |                                                                       | firmware/nnet_utils/nnet_activation_stream.h:289 in softmax_legacy                    |
| unroll               |                                                                       | firmware/nnet_utils/nnet_activation_stream.h:312 in softmax_legacy                    |
| pipeline             |                                                                       | firmware/nnet_utils/nnet_activation_stream.h:329 in softmax_argmax                    |
| unroll               |                                                                       | firmware/nnet_utils/nnet_activation_stream.h:334 in softmax_argmax                    |
| pipeline             |                                                                       | firmware/nnet_utils/nnet_activation_stream.h:342 in softmax_argmax                    |
| pipeline             |                                                                       | firmware/nnet_utils/nnet_activation_stream.h:393 in tanh                              |
| unroll               |                                                                       | firmware/nnet_utils/nnet_activation_stream.h:401 in tanh                              |
| pipeline             |                                                                       | firmware/nnet_utils/nnet_activation_stream.h:424 in hard_sigmoid                      |
| unroll               |                                                                       | firmware/nnet_utils/nnet_activation_stream.h:432 in hard_sigmoid                      |
| pipeline             |                                                                       | firmware/nnet_utils/nnet_activation_stream.h:449 in hard_tanh                         |
| unroll               |                                                                       | firmware/nnet_utils/nnet_activation_stream.h:457 in hard_tanh                         |
| pipeline             |                                                                       | firmware/nnet_utils/nnet_activation_stream.h:478 in leaky_relu                        |
| unroll               |                                                                       | firmware/nnet_utils/nnet_activation_stream.h:486 in leaky_relu                        |
| pipeline             |                                                                       | firmware/nnet_utils/nnet_activation_stream.h:504 in thresholded_relu                  |
| unroll               |                                                                       | firmware/nnet_utils/nnet_activation_stream.h:512 in thresholded_relu                  |
| pipeline             |                                                                       | firmware/nnet_utils/nnet_activation_stream.h:543 in softplus                          |
| unroll               |                                                                       | firmware/nnet_utils/nnet_activation_stream.h:551 in softplus                          |
| pipeline             |                                                                       | firmware/nnet_utils/nnet_activation_stream.h:584 in softsign                          |
| unroll               |                                                                       | firmware/nnet_utils/nnet_activation_stream.h:592 in softsign                          |
| pipeline             |                                                                       | firmware/nnet_utils/nnet_activation_stream.h:625 in elu                               |
| unroll               |                                                                       | firmware/nnet_utils/nnet_activation_stream.h:633 in elu                               |
| pipeline             |                                                                       | firmware/nnet_utils/nnet_activation_stream.h:673 in selu                              |
| unroll               |                                                                       | firmware/nnet_utils/nnet_activation_stream.h:681 in selu                              |
| pipeline             |                                                                       | firmware/nnet_utils/nnet_activation_stream.h:705 in prelu                             |
| unroll               |                                                                       | firmware/nnet_utils/nnet_activation_stream.h:713 in prelu                             |
| pipeline             |                                                                       | firmware/nnet_utils/nnet_activation_stream.h:730 in binary_tanh                       |
| unroll               |                                                                       | firmware/nnet_utils/nnet_activation_stream.h:738 in binary_tanh                       |
| pipeline             |                                                                       | firmware/nnet_utils/nnet_activation_stream.h:755 in ternary_tanh                      |
| unroll               |                                                                       | firmware/nnet_utils/nnet_activation_stream.h:763 in ternary_tanh                      |
| array_partition      | variable=data_buf complete dim=0                                      | firmware/nnet_utils/nnet_conv2d_latency.h:20 in conv_2d_latency_cl, data_buf          |
| array_partition      | variable=mult complete                                                | firmware/nnet_utils/nnet_conv2d_latency.h:23 in conv_2d_latency_cl, mult              |
| array_partition      | variable=acc complete                                                 | firmware/nnet_utils/nnet_conv2d_latency.h:26 in conv_2d_latency_cl, acc               |
| array_partition      | variable=weights complete                                             | firmware/nnet_utils/nnet_conv2d_latency.h:28 in conv_2d_latency_cl, weights           |
| array_partition      | variable=biases complete                                              | firmware/nnet_utils/nnet_conv2d_latency.h:29 in conv_2d_latency_cl, biases            |
| allocation           | operation instances=mul limit=CONFIG_T::mult_config::multiplier_limit | firmware/nnet_utils/nnet_conv2d_latency.h:32 in conv_2d_latency_cl                    |
| pipeline             | II=CONFIG_T::reuse_factor rewind                                      | firmware/nnet_utils/nnet_conv2d_latency.h:36 in conv_2d_latency_cl                    |
| unroll               |                                                                       | firmware/nnet_utils/nnet_conv2d_latency.h:42 in conv_2d_latency_cl                    |
| unroll               |                                                                       | firmware/nnet_utils/nnet_conv2d_latency.h:49 in conv_2d_latency_cl                    |
| unroll               |                                                                       | firmware/nnet_utils/nnet_conv2d_latency.h:53 in conv_2d_latency_cl                    |
| unroll               |                                                                       | firmware/nnet_utils/nnet_conv2d_latency.h:63 in conv_2d_latency_cl                    |
| unroll               |                                                                       | firmware/nnet_utils/nnet_conv2d_latency.h:70 in conv_2d_latency_cl                    |
| unroll               |                                                                       | firmware/nnet_utils/nnet_conv2d_latency.h:73 in conv_2d_latency_cl                    |
| unroll               |                                                                       | firmware/nnet_utils/nnet_conv2d_latency.h:81 in conv_2d_latency_cl                    |
| array_partition      | variable=data_buf complete dim=0                                      | firmware/nnet_utils/nnet_conv2d_resource.h:33 in conv_2d_resource_cl, data_buf        |
| array_partition      | variable=biases complete                                              | firmware/nnet_utils/nnet_conv2d_resource.h:35 in conv_2d_resource_cl, biases          |
| array_partition      | variable=acc complete dim=0                                           | firmware/nnet_utils/nnet_conv2d_resource.h:38 in conv_2d_resource_cl, acc             |
| unroll               |                                                                       | firmware/nnet_utils/nnet_conv2d_resource.h:48 in conv_2d_resource_cl                  |
| unroll               |                                                                       | firmware/nnet_utils/nnet_conv2d_resource.h:52 in conv_2d_resource_cl                  |
| pipeline             | II=1 rewind                                                           | firmware/nnet_utils/nnet_conv2d_resource.h:59 in conv_2d_resource_cl                  |
| unroll               |                                                                       | firmware/nnet_utils/nnet_conv2d_resource.h:67 in conv_2d_resource_cl                  |
| unroll               |                                                                       | firmware/nnet_utils/nnet_conv2d_resource.h:71 in conv_2d_resource_cl                  |
| unroll               |                                                                       | firmware/nnet_utils/nnet_conv2d_resource.h:95 in conv_2d_resource_cl                  |
| unroll               |                                                                       | firmware/nnet_utils/nnet_conv2d_resource.h:99 in conv_2d_resource_cl                  |
| array_partition      | variable = line_buffer complete dim = 2                               | firmware/nnet_utils/nnet_conv2d_stream.h:21 in conv_2d_buffer_latency_cl              |
| loop_flatten         |                                                                       | firmware/nnet_utils/nnet_conv2d_stream.h:27 in conv_2d_buffer_latency_cl              |
| pipeline             | II=CONFIG_T::reuse_factor                                             | firmware/nnet_utils/nnet_conv2d_stream.h:28 in conv_2d_buffer_latency_cl              |
| array_partition      | variable = line_buffer complete dim = 2                               | firmware/nnet_utils/nnet_conv2d_stream.h:48 in conv_2d_buffer_resource_cl             |
| loop_flatten         |                                                                       | firmware/nnet_utils/nnet_conv2d_stream.h:54 in conv_2d_buffer_resource_cl             |
| inline               | recursive                                                             | firmware/nnet_utils/nnet_conv2d_stream.h:73 in conv_2d_cl                             |
| inline               |                                                                       | firmware/nnet_utils/nnet_conv_stream.h:17 in scale_index_k_gte_s                      |
| inline               |                                                                       | firmware/nnet_utils/nnet_conv_stream.h:38 in scale_index_k_lt_s                       |
| inline               |                                                                       | firmware/nnet_utils/nnet_conv_stream.h:61 in scale_index                              |
| inline               |                                                                       | firmware/nnet_utils/nnet_conv_stream.h:74 in scale_index                              |
| inline               |                                                                       | firmware/nnet_utils/nnet_conv_stream.h:84 in mult_buffer                              |
| array_partition      | variable = data complete                                              | firmware/nnet_utils/nnet_conv_stream.h:87 in mult_buffer                              |
| array_partition      | variable = res complete                                               | firmware/nnet_utils/nnet_conv_stream.h:89 in mult_buffer                              |
| unroll               |                                                                       | firmware/nnet_utils/nnet_conv_stream.h:93 in mult_buffer                              |
| inline               | recursive                                                             | firmware/nnet_utils/nnet_conv_stream.h:97 in mult_buffer                              |
| unroll               |                                                                       | firmware/nnet_utils/nnet_conv_stream.h:108 in mult_buffer                             |
| inline               |                                                                       | firmware/nnet_utils/nnet_conv_stream.h:134 in compute_output_encoded                  |
| pipeline             | II = CONFIG_T::reuse_factor                                           | firmware/nnet_utils/nnet_conv_stream.h:138 in compute_output_encoded                  |
| unroll               |                                                                       | firmware/nnet_utils/nnet_conv_stream.h:141 in compute_output_encoded                  |
| unroll               |                                                                       | firmware/nnet_utils/nnet_conv_stream.h:144 in compute_output_encoded                  |
| inline               |                                                                       | firmware/nnet_utils/nnet_conv_stream.h:161 in kernel_shift_1d                         |
| pipeline             | II = 1                                                                | firmware/nnet_utils/nnet_conv_stream.h:167 in kernel_shift_1d                         |
| unroll               |                                                                       | firmware/nnet_utils/nnet_conv_stream.h:170 in kernel_shift_1d                         |
| unroll               |                                                                       | firmware/nnet_utils/nnet_conv_stream.h:180 in kernel_shift_1d                         |
| inline               |                                                                       | firmware/nnet_utils/nnet_conv_stream.h:189 in kernel_shift_2d                         |
| pipeline             | II = 1                                                                | firmware/nnet_utils/nnet_conv_stream.h:195 in kernel_shift_2d                         |
| unroll               |                                                                       | firmware/nnet_utils/nnet_conv_stream.h:211 in kernel_shift_2d                         |
| pipeline             |                                                                       | firmware/nnet_utils/nnet_conv_stream.h:226 in shift_line_buffer                       |
| array_partition      | variable = shift_buffer complete dim = 0                              | firmware/nnet_utils/nnet_conv_stream.h:230 in shift_line_buffer                       |
| unroll               |                                                                       | firmware/nnet_utils/nnet_conv_stream.h:234 in shift_line_buffer                       |
| unroll               |                                                                       | firmware/nnet_utils/nnet_conv_stream.h:245 in shift_line_buffer                       |
| inline               | OFF                                                                   | firmware/nnet_utils/nnet_conv_stream.h:263 in compute_output_buffer_2d                |
| array_partition      | variable = kernel_data complete                                       | firmware/nnet_utils/nnet_conv_stream.h:277 in compute_output_buffer_2d                |
| array_partition      | variable = res_out complete dim = 0                                   | firmware/nnet_utils/nnet_conv_stream.h:280 in compute_output_buffer_2d                |
| unroll               |                                                                       | firmware/nnet_utils/nnet_conv_stream.h:304 in compute_output_buffer_2d                |
| inline               |                                                                       | firmware/nnet_utils/nnet_conv_stream.h:338 in compute_output_buffer_1d                |
| array_partition      | variable = kernel_data complete                                       | firmware/nnet_utils/nnet_conv_stream.h:348 in compute_output_buffer_1d                |
| array_partition      | variable = res_out complete dim = 0                                   | firmware/nnet_utils/nnet_conv_stream.h:351 in compute_output_buffer_1d                |
| inline               | recursive                                                             | firmware/nnet_utils/nnet_conv_stream.h:363 in compute_output_buffer_1d                |
| unroll               |                                                                       | firmware/nnet_utils/nnet_conv_stream.h:375 in compute_output_buffer_1d                |
| inline               |                                                                       | firmware/nnet_utils/nnet_dense.h:39 in dense                                          |
| unroll               |                                                                       | firmware/nnet_utils/nnet_dense_compressed.h:15 in fill_mult                           |
| array_partition      | variable=acc complete                                                 | firmware/nnet_utils/nnet_dense_compressed.h:29 in dense_compressed, acc               |
| array_partition      | variable=biases complete                                              | firmware/nnet_utils/nnet_dense_compressed.h:30 in dense_compressed, biases            |
| array_reshape        | variable=weights block factor=multiplier_limit                        | firmware/nnet_utils/nnet_dense_compressed.h:31 in dense_compressed, weights           |
| aggregate            | variable=weights                                                      | firmware/nnet_utils/nnet_dense_compressed.h:34 in dense_compressed, weights           |
| unroll               |                                                                       | firmware/nnet_utils/nnet_dense_compressed.h:41 in dense_compressed                    |
| pipeline             | II=1 rewind                                                           | firmware/nnet_utils/nnet_dense_compressed.h:49 in dense_compressed                    |
| array_partition      | variable=mult complete                                                | firmware/nnet_utils/nnet_dense_compressed.h:52 in dense_compressed, mult              |
| unroll               |                                                                       | firmware/nnet_utils/nnet_dense_compressed.h:56 in dense_compressed                    |
| unroll               |                                                                       | firmware/nnet_utils/nnet_dense_compressed.h:62 in dense_compressed                    |
| unroll               |                                                                       | firmware/nnet_utils/nnet_dense_compressed.h:82 in dense_compressed                    |
| function_instantiate | variable=weights,biases                                               | firmware/nnet_utils/nnet_dense_latency.h:21 in dense_latency, weights,biases          |
| pipeline             | II=CONFIG_T::reuse_factor                                             | firmware/nnet_utils/nnet_dense_latency.h:26 in dense_latency                          |
| array_partition      | variable=biases complete                                              | firmware/nnet_utils/nnet_dense_latency.h:29 in dense_latency, biases                  |
| array_partition      | variable=mult complete                                                | firmware/nnet_utils/nnet_dense_latency.h:30 in dense_latency, mult                    |
| array_partition      | variable=acc complete                                                 | firmware/nnet_utils/nnet_dense_latency.h:31 in dense_latency, acc                     |
| allocation           | operation instances=mul limit=CONFIG_T::multiplier_limit              | firmware/nnet_utils/nnet_dense_latency.h:33 in dense_latency                          |
| array_partition      | variable=biases complete                                              | firmware/nnet_utils/nnet_dense_resource.h:30 in dense_resource_rf_leq_nin, biases     |
| array_partition      | variable=acc complete                                                 | firmware/nnet_utils/nnet_dense_resource.h:33 in dense_resource_rf_leq_nin, acc        |
| unroll               |                                                                       | firmware/nnet_utils/nnet_dense_resource.h:37 in dense_resource_rf_leq_nin             |
| pipeline             | II=1 rewind                                                           | firmware/nnet_utils/nnet_dense_resource.h:43 in dense_resource_rf_leq_nin             |
| unroll               |                                                                       | firmware/nnet_utils/nnet_dense_resource.h:51 in dense_resource_rf_leq_nin             |
| unroll               |                                                                       | firmware/nnet_utils/nnet_dense_resource.h:75 in dense_resource_rf_leq_nin             |
| array_partition      | variable=biases complete                                              | firmware/nnet_utils/nnet_dense_resource.h:98 in dense_resource_rf_gt_nin_rem0, biases |
| array_partition      | variable=acc complete                                                 | firmware/nnet_utils/nnet_dense_resource.h:101 in dense_resource_rf_gt_nin_rem0, acc   |
| unroll               |                                                                       | firmware/nnet_utils/nnet_dense_resource.h:105 in dense_resource_rf_gt_nin_rem0        |
| pipeline             | II=1 rewind                                                           | firmware/nnet_utils/nnet_dense_resource.h:125 in dense_resource_rf_gt_nin_rem0        |
| unroll               |                                                                       | firmware/nnet_utils/nnet_dense_resource.h:131 in dense_resource_rf_gt_nin_rem0        |
| unroll               |                                                                       | firmware/nnet_utils/nnet_dense_resource.h:150 in dense_resource_rf_gt_nin_rem0        |
| array_partition      | variable=biases complete                                              | firmware/nnet_utils/nnet_dense_resource.h:172 in dense_resource_rf_gt_nin, biases     |
| array_partition      | variable=acc complete                                                 | firmware/nnet_utils/nnet_dense_resource.h:175 in dense_resource_rf_gt_nin, acc        |
| unroll               |                                                                       | firmware/nnet_utils/nnet_dense_resource.h:179 in dense_resource_rf_gt_nin             |
| pipeline             | II=1 rewind                                                           | firmware/nnet_utils/nnet_dense_resource.h:185 in dense_resource_rf_gt_nin             |
| array_partition      | variable=tmpmult complete                                             | firmware/nnet_utils/nnet_dense_resource.h:187 in dense_resource_rf_gt_nin, tmpmult    |
| unroll               |                                                                       | firmware/nnet_utils/nnet_dense_resource.h:191 in dense_resource_rf_gt_nin             |
| array_partition      | variable=mult complete                                                | firmware/nnet_utils/nnet_dense_resource.h:199 in dense_resource_rf_gt_nin, mult       |
| unroll               |                                                                       | firmware/nnet_utils/nnet_dense_resource.h:203 in dense_resource_rf_gt_nin             |
| unroll               |                                                                       | firmware/nnet_utils/nnet_dense_resource.h:209 in dense_resource_rf_gt_nin             |
| unroll               |                                                                       | firmware/nnet_utils/nnet_dense_resource.h:219 in dense_resource_rf_gt_nin             |
| unroll               |                                                                       | firmware/nnet_utils/nnet_dense_resource.h:227 in dense_resource_rf_gt_nin             |
| inline               | recursive                                                             | firmware/nnet_utils/nnet_dense_resource.h:237 in dense_resource                       |
| pipeline             | II=CONFIG_T::reuse_factor                                             | firmware/nnet_utils/nnet_dense_stream.h:16 in dense_latency_wrapper                   |
| inline               |                                                                       | firmware/nnet_utils/nnet_dense_stream.h:29 in data_prepare                            |
| pipeline             |                                                                       | firmware/nnet_utils/nnet_dense_stream.h:34 in data_prepare                            |
| unroll               |                                                                       | firmware/nnet_utils/nnet_dense_stream.h:38 in data_prepare                            |
| unroll               |                                                                       | firmware/nnet_utils/nnet_dense_stream.h:46 in data_prepare                            |
| inline               |                                                                       | firmware/nnet_utils/nnet_dense_stream.h:54 in res_write                               |
| pipeline             |                                                                       | firmware/nnet_utils/nnet_dense_stream.h:59 in res_write                               |
| unroll               |                                                                       | firmware/nnet_utils/nnet_dense_stream.h:64 in res_write                               |
| unroll               |                                                                       | firmware/nnet_utils/nnet_dense_stream.h:74 in res_write                               |
| inline               | recursive                                                             | firmware/nnet_utils/nnet_dense_stream.h:85 in dense                                   |
| array_partition      | variable=data complete                                                | firmware/nnet_utils/nnet_dense_stream.h:88 in dense, data                             |
| array_partition      | variable=res complete                                                 | firmware/nnet_utils/nnet_dense_stream.h:91 in dense, res                              |
| inline               |                                                                       | firmware/nnet_utils/nnet_mult.h:25 in product                                         |
| inline               |                                                                       | firmware/nnet_utils/nnet_mult.h:34 in product                                         |
| inline               |                                                                       | firmware/nnet_utils/nnet_mult.h:46 in product                                         |
| inline               |                                                                       | firmware/nnet_utils/nnet_mult.h:58 in product                                         |
| inline               |                                                                       | firmware/nnet_utils/nnet_mult.h:72 in product                                         |
| inline               |                                                                       | firmware/nnet_utils/nnet_mult.h:82 in product                                         |
| pipeline             |                                                                       | firmware/nnet_utils/nnet_stream.h:23 in clone_stream                                  |
| unroll               |                                                                       | firmware/nnet_utils/nnet_stream.h:33 in clone_stream                                  |
| pipeline             |                                                                       | firmware/nnet_utils/nnet_stream.h:47 in clone_stream                                  |
| unroll               |                                                                       | firmware/nnet_utils/nnet_stream.h:59 in clone_stream                                  |
| pipeline             |                                                                       | firmware/nnet_utils/nnet_stream.h:74 in repack_stream                                 |
| unroll               |                                                                       | firmware/nnet_utils/nnet_stream.h:81 in repack_stream                                 |
| pipeline             |                                                                       | firmware/nnet_utils/nnet_stream.h:91 in repack_stream                                 |
| pipeline             |                                                                       | firmware/nnet_utils/nnet_stream.h:99 in repack_stream                                 |
| unroll               |                                                                       | firmware/nnet_utils/nnet_stream.h:103 in repack_stream                                |
| pipeline             |                                                                       | firmware/nnet_utils/nnet_stream.h:114 in repack_stream                                |
| unroll               |                                                                       | firmware/nnet_utils/nnet_stream.h:118 in repack_stream                                |
| pipeline             |                                                                       | firmware/nnet_utils/nnet_stream.h:139 in broadcast_stream_1x1xc                       |
| pipeline             |                                                                       | firmware/nnet_utils/nnet_stream.h:142 in broadcast_stream_1x1xc                       |
| unroll               |                                                                       | firmware/nnet_utils/nnet_stream.h:146 in broadcast_stream_1x1xc                       |
| pipeline             |                                                                       | firmware/nnet_utils/nnet_stream.h:160 in broadcast_stream_hxwx1                       |
| unroll               |                                                                       | firmware/nnet_utils/nnet_stream.h:165 in broadcast_stream_hxwx1                       |
| array_partition      | variable=data_array complete                                          | firmware/nnet_utils/nnet_stream.h:185 in transpose_2d, data_array                     |
| pipeline             |                                                                       | firmware/nnet_utils/nnet_stream.h:188 in transpose_2d                                 |
| pipeline             |                                                                       | firmware/nnet_utils/nnet_stream.h:196 in transpose_2d                                 |
| unroll               |                                                                       | firmware/nnet_utils/nnet_types.h:28 in operator=                                      |
+----------------------+-----------------------------------------------------------------------+---------------------------------------------------------------------------------------+


