

================================================================
== Vitis HLS Report for 'sigmoid_array_array_ap_fixed_16_6_5_3_0_1u_sigmoid_config8_s'
================================================================
* Date:           Sat Oct  4 21:50:15 2025

* Version:        2023.2 (Build 4023990 on Oct 11 2023)
* Project:        myproject_prj
* Solution:       solution1 (Vivado IP Flow Target)
* Product family: kintexuplus
* Target device:  xcku5p-ffvb676-2-e


================================================================
== Performance Estimates
================================================================
+ Timing: 
    * Summary: 
    +--------+---------+----------+------------+
    |  Clock |  Target | Estimated| Uncertainty|
    +--------+---------+----------+------------+
    |ap_clk  |  5.00 ns|  3.922 ns|     0.62 ns|
    +--------+---------+----------+------------+

+ Latency: 
    * Summary: 
    +---------+---------+-----------+-----------+-----+-----+---------+
    |  Latency (cycles) |   Latency (absolute)  |  Interval | Pipeline|
    |   min   |   max   |    min    |    max    | min | max |   Type  |
    +---------+---------+-----------+-----------+-----+-----+---------+
    |        3|        3|  15.000 ns|  15.000 ns|    3|    3|       no|
    +---------+---------+-----------+-----------+-----+-----+---------+

    + Detail: 
        * Instance: 
        N/A

        * Loop: 
        N/A



================================================================
== Utilization Estimates
================================================================
* Summary: 
+-----------------+---------+------+--------+--------+-----+
|       Name      | BRAM_18K|  DSP |   FF   |   LUT  | URAM|
+-----------------+---------+------+--------+--------+-----+
|DSP              |        -|     -|       -|       -|    -|
|Expression       |        -|     -|       0|     146|    -|
|FIFO             |        -|     -|       -|       -|    -|
|Instance         |        -|     -|       -|       -|    -|
|Memory           |        1|     -|       0|       0|    -|
|Multiplexer      |        -|     -|       -|      53|    -|
|Register         |        -|     -|      19|       -|    -|
+-----------------+---------+------+--------+--------+-----+
|Total            |        1|     0|      19|     199|    0|
+-----------------+---------+------+--------+--------+-----+
|Available        |      960|  1824|  433920|  216960|   64|
+-----------------+---------+------+--------+--------+-----+
|Utilization (%)  |       ~0|     0|      ~0|      ~0|    0|
+-----------------+---------+------+--------+--------+-----+

+ Detail: 
    * Instance: 
    N/A

    * DSP: 
    N/A

    * Memory: 
    +-----------------+----------------------------------------------------------------------------------+---------+---+----+-----+------+-----+------+-------------+
    |      Memory     |                                      Module                                      | BRAM_18K| FF| LUT| URAM| Words| Bits| Banks| W*Bits*Banks|
    +-----------------+----------------------------------------------------------------------------------+---------+---+----+-----+------+-----+------+-------------+
    |sigmoid_table_U  |sigmoid_array_array_ap_fixed_16_6_5_3_0_1u_sigmoid_config8_s_sigmoid_table_ROeOg  |        1|  0|   0|    0|  1024|   10|     1|        10240|
    +-----------------+----------------------------------------------------------------------------------+---------+---+----+-----+------+-----+------+-------------+
    |Total            |                                                                                  |        1|  0|   0|    0|  1024|   10|     1|        10240|
    +-----------------+----------------------------------------------------------------------------------+---------+---+----+-----+------+-----+------+-------------+

    * FIFO: 
    N/A

    * Expression: 
    +-----------------------+----------+----+---+----+------------+------------+
    |     Variable Name     | Operation| DSP| FF| LUT| Bitwidth P0| Bitwidth P1|
    +-----------------------+----------+----+---+----+------------+------------+
    |add_ln90_fu_133_p2     |         +|   0|  0|  20|          13|           1|
    |index_fu_153_p2        |         +|   0|  0|  20|          13|          10|
    |icmp_ln90_1_fu_124_p2  |      icmp|   0|  0|  17|          10|           1|
    |icmp_ln90_fu_106_p2    |      icmp|   0|  0|  33|          26|           5|
    |icmp_ln94_fu_181_p2    |      icmp|   0|  0|  10|           3|           1|
    |ap_block_state1        |        or|   0|  0|   2|           1|           1|
    |ap_block_state4        |        or|   0|  0|   2|           1|           1|
    |or_ln92_fu_201_p2      |        or|   0|  0|   2|           1|           1|
    |data_round_fu_146_p3   |    select|   0|  0|  13|           1|          13|
    |index_1_fu_207_p3      |    select|   0|  0|  10|           1|          10|
    |select_ln90_fu_139_p3  |    select|   0|  0|  13|           1|          13|
    |select_ln92_fu_193_p3  |    select|   0|  0|   2|           1|           2|
    |xor_ln92_fu_187_p2     |       xor|   0|  0|   2|           1|           2|
    +-----------------------+----------+----+---+----+------------+------------+
    |Total                  |          |   0|  0| 146|          73|          61|
    +-----------------------+----------+----+---+----+------------+------------+

    * Multiplexer: 
    +------------------------+----+-----------+-----+-----------+
    |          Name          | LUT| Input Size| Bits| Total Bits|
    +------------------------+----+-----------+-----+-----------+
    |ap_NS_fsm               |  26|          5|    1|          5|
    |ap_done                 |   9|          2|    1|          2|
    |layer7_out_blk_n        |   9|          2|    1|          2|
    |layer8_out_TDATA_blk_n  |   9|          2|    1|          2|
    +------------------------+----+-----------+-----+-----------+
    |Total                   |  53|         11|    4|         11|
    +------------------------+----+-----------+-----+-----------+

    * Register: 
    +---------------------+----+----+-----+-----------+
    |         Name        | FF | LUT| Bits| Const Bits|
    +---------------------+----+----+-----+-----------+
    |ap_CS_fsm            |   4|   0|    4|          0|
    |ap_done_reg          |   1|   0|    1|          0|
    |icmp_ln90_1_reg_235  |   1|   0|    1|          0|
    |icmp_ln90_reg_230    |   1|   0|    1|          0|
    |tmp_2_reg_225        |  12|   0|   12|          0|
    +---------------------+----+----+-----+-----------+
    |Total                |  19|   0|   19|          0|
    +---------------------+----+----+-----+-----------+



================================================================
== Interface
================================================================
* Summary: 
+---------------------------+-----+-----+------------+---------------------------------------------------------------+--------------+
|         RTL Ports         | Dir | Bits|  Protocol  |                         Source Object                         |    C Type    |
+---------------------------+-----+-----+------------+---------------------------------------------------------------+--------------+
|ap_clk                     |   in|    1|  ap_ctrl_hs|  sigmoid<array,array<ap_fixed<16,6,5,3,0>,1u>,sigmoid_config8>|  return value|
|ap_rst                     |   in|    1|  ap_ctrl_hs|  sigmoid<array,array<ap_fixed<16,6,5,3,0>,1u>,sigmoid_config8>|  return value|
|ap_start                   |   in|    1|  ap_ctrl_hs|  sigmoid<array,array<ap_fixed<16,6,5,3,0>,1u>,sigmoid_config8>|  return value|
|ap_done                    |  out|    1|  ap_ctrl_hs|  sigmoid<array,array<ap_fixed<16,6,5,3,0>,1u>,sigmoid_config8>|  return value|
|ap_continue                |   in|    1|  ap_ctrl_hs|  sigmoid<array,array<ap_fixed<16,6,5,3,0>,1u>,sigmoid_config8>|  return value|
|ap_idle                    |  out|    1|  ap_ctrl_hs|  sigmoid<array,array<ap_fixed<16,6,5,3,0>,1u>,sigmoid_config8>|  return value|
|ap_ready                   |  out|    1|  ap_ctrl_hs|  sigmoid<array,array<ap_fixed<16,6,5,3,0>,1u>,sigmoid_config8>|  return value|
|layer7_out_dout            |   in|   16|     ap_fifo|                                                     layer7_out|       pointer|
|layer7_out_num_data_valid  |   in|    2|     ap_fifo|                                                     layer7_out|       pointer|
|layer7_out_fifo_cap        |   in|    2|     ap_fifo|                                                     layer7_out|       pointer|
|layer7_out_empty_n         |   in|    1|     ap_fifo|                                                     layer7_out|       pointer|
|layer7_out_read            |  out|    1|     ap_fifo|                                                     layer7_out|       pointer|
|layer8_out_TDATA           |  out|   16|        axis|                                                     layer8_out|       pointer|
|layer8_out_TVALID          |  out|    1|        axis|                                                     layer8_out|       pointer|
|layer8_out_TREADY          |   in|    1|        axis|                                                     layer8_out|       pointer|
+---------------------------+-----+-----+------------+---------------------------------------------------------------+--------------+

